// Jest Snapshot v1, https://goo.gl/fbAQLP

exports[`should render AddExpensePage correctly 1`] = `
<div>
  <ExpenseForm
    onSubmit={[Function]}
  />
   
  This is from my add expense page component
</div>
`;
